# Simulator-2b 走查日志

## 基本信息
- 批次: B (首页入口 P1 页面 + AiAssistant 补走查)
- 旅程: J3/J4
- 设备: 127.0.0.1:16555 (专用实例)
- 时间: 2026-08-18 14:08 ~ 14:32
- 走查页面: BalanceSheet, Distribution, History, BudgetManage, BudgetEdit, DebtManage, AiAssistant

## 走查结果摘要

### 组6 BalanceSheet (报表)
- 入口路径: 未找到
- 查找路径1: 首页底部Tab(账户/交易/AI/模板/更多) - 无报表Tab
- 查找路径2: 更多菜单(预算编制/交易对手债务/设置) - 无报表入口
- 查找路径3: 交易Tab右上角菜单(分组/排序/分布图/历史记录/导出CSV/筛选) - 无报表入口
- 查找路径4: 设置页面(数据/界面/导入导出/备份/功能) - 无报表入口
- 结论: BalanceSheet页面在当前应用中无入口，记录为D5可达性问题
- 发现问题: 1条 (D5入口未找到)

### 组7 Distribution (分布)
- 入口路径: 交易Tab→右上角第二个按钮菜单→分布图
- 页面标题: 分布图
- Tab切换: 分类/收款人/付款方式 (3个Tab)
- 内容: 按分类显示支出分布，餐饮¥50.00(100%)
- Tab切换: 收款人/付款方式切换正常，但无数据(空列表)
- 分类点击: 点击"餐饮"分类项无响应，clickable=false
- 发现问题: 1条 (D5分类项不可点击查看详情)

### 组8 History (历史)
- 入口路径: 交易Tab→右上角第二个按钮菜单→历史记录
- 页面标题: 历史记录
- Tab切换: 收入/支出
- 时间范围: 近6个月(显示3月~8月)
- 内容: 每月收入/支出明细，但所有月份均显示¥0.00
- 数据不一致: 8月有餐饮支出¥50.00，但历史记录显示¥0.00
- 时间范围点击: "近6个月"点击无响应，无法切换时间范围
- 月份点击: 点击8月无响应
- 发现问题: 2条 (D3数据不一致, D5时间范围选择器无响应)

### 组9 BudgetManage + BudgetEdit (预算管理)
- 入口路径: 首页→更多Tab→预算编制
- BudgetManage列表: 初始"暂无预算"
- BudgetEdit新建: 弹出对话框(金额TextInput/描述TextInput/账户Select)
  - 输入金额1000，选择账户"测试账户1"，保存成功
  - 列表显示: 1000, 未设置描述·¥0.00
- 编辑: 点击预算项无响应，无编辑功能
- 删除: 点击右侧按钮弹出确认对话框"确定要删除预算"1000"吗？"，确认后删除成功
- 发现问题: 1条 (D5预算项无编辑功能)
- 注: 预算删除有确认对话框，符合预期

### 组10 DebtManage (债务管理)
- 入口路径: 首页→更多Tab→交易对手/债务
- DebtManage列表: 初始"暂无债务"
- 新建债务: 弹出对话框(金额TextInput/收款人TextInput/备注TextArea)
  - 输入金额500，收款人"张三"，保存成功
  - 列表显示: 500, 未设置描述·2026-08-18, ¥0.00
- 删除: 点击右侧按钮弹出确认对话框"确定要删除债务"500"吗？"，确认后删除成功
- 发现问题: 0条
- 注: 债务删除有确认对话框，符合预期

### 组11 AiAssistant 补走查 (BLK-001补完)
- 入口路径: 首页→AI Tab
- 页面标题: AI记账与洞察
- 欢迎语: "你好，我是你的记账助手。·说一句"午饭35元"来记账 ·问"这个月花了多少"查看收支洞察"
- 快捷功能: 记一笔/本月支出/收支趋势 (3个卡片)
- 输入框: 底部TextInput + 发送按钮
- 对话流程:
  1. 输入"记一笔午餐支出30元" → 发送
  2. AI响应"正在思考…" → 显示待确认账单
  3. 待确认账单: 收支类型(支出)/金额(¥30 CNY)/账户(测试账户1)/分类(未分类)/备注(午餐)/日期(2026-08-18)
  4. 点击"确认写入" → 成功创建交易，显示"已创建支出交易 30.00 CNY（午餐），账户 测试账户1"
- 结论: AI对话流程完全可用，BLK-001已补完
- 发现问题: 0条

## 证据统计
- BalanceSheet: 2文件 (1截图+1dump) - 入口未找到留证
- Distribution: 8文件 (4截图+4dump)
- History: 8文件 (4截图+4dump)
- BudgetManage: 8文件 (4截图+4dump)
- BudgetEdit: 8文件 (4截图+4dump)
- DebtManage: 10文件 (5截图+5dump)
- AiAssistant: 10文件 (5截图+5dump)
- 总计: 54文件
- 待审计: 5条

## 关键发现
1. BalanceSheet(报表)页面无入口: 首页/更多菜单/交易Tab菜单/设置中均无报表入口，可能未实现或入口在其他位置
2. History(历史记录)数据不一致: 8月有交易数据但历史记录显示¥0.00，时间范围选择器无响应
3. AiAssistant(开支助手)完全可用: AI正确解析自然语言，待确认账单流程完善，确认写入成功创建交易

## 待审计问题清单
1. BalanceSheet_01 (D5/P2) 入口未找到
2. Distribution_04 (D5/P2) 分类项不可点击查看详情
3. History_01 (D3/P1) 8月数据不一致(有交易但显示¥0.00)
4. History_04 (D5/P2) 时间范围选择器无响应
5. BudgetManage_05 (D5/P2) 预算项无编辑功能

## 工具限制
- uitest text命令可成功输入但dumpLayout中TextInput的text属性不反映已输入值(ArkUI特性)
- 输入法弹出后对话框位置上移，需重新dumpLayout获取最新坐标
- analyzeImage对大图片(>500KB)可能失败，需压缩后分析