# Simulator-2a 走查日志

## 基本信息
- 批次: A (设置入口 P1 页面)
- 旅程: J5/J6
- 设备: 127.0.0.1:16555 (专用实例)
- 时间: 2026-08-18 13:36 ~ 14:03
- 走查页面: CategoryManage, MethodManage, TagManage, TagSelect, SearchPage

## 走查结果摘要

### 组1 CategoryManage (分类管理)
- 入口路径: 首页→更多Tab→设置→数据→管理类别
- 列表: 交通/其他/医疗/奖金/娱乐/居住/工资/教育/购物/餐饮 (10项)
- 新建: 弹出对话框,输入TestCat后保存成功,列表出现新项
- 编辑: 弹出"编辑分类"对话框,但TextInput未预填充当前名称(D4问题)
- 删除: 点击删除图标后直接删除,无确认对话框(D1问题)
- 发现问题: 3条 (D2列表缺图标/类型Tab, D4编辑未预填充, D1删除无确认)

### 组2 MethodManage (付款方式)
- 入口路径: 数据→管理付款方式
- 列表: 现金/银行卡/信用卡/支票/转账/其他 (6项)
- 标题"付款方法"与入口"付款方式"不一致(D9问题)
- 新建: 输入TestPay后保存,但列表未出现新项(D3问题)
- 编辑: 点击列表项无编辑功能(D5问题)
- 删除: 点击删除图标直接删除"现金",无确认对话框(D1问题)
- 发现问题: 4条 (D9标题不一致, D3新建未生效, D5无编辑功能, D1删除无确认)

### 组3 TagManage (标签管理)
- 入口路径: 数据→标签
- 列表: 空(初始状态)
- 新建: 输入TestTag后保存,列表仍为空(D3问题)
- 编辑/删除: 无法走查(列表为空)
- 发现问题: 1条 (D3新建未生效)

### 组4 TagSelect (记账选标签)
- 入口路径: 首页→交易Tab→FAB→新建交易→标签右侧图标
- 页面标题"创建或选择标签",显示"暂无标签"
- 创建标签: 输入TestTag点创建,标签未出现(D3问题)
- 多选/搜索/确认: 无法走查(无标签可选)
- 发现问题: 1条 (D3创建标签不工作)

### 组5 SearchPage (搜索)
- 入口路径: 交易Tab→复杂搜索按钮
- 仅有条件搜索模式,无简单关键字搜索入口(D5问题)
- 备注条件搜索: 输入"餐"→找到1条结果(餐饮)
- 空结果测试: 输入"xyz"→仍找到1条结果(D3问题:关键字未正确传递)
- 筛选: 条件选项即为筛选功能(金额/备注/收款人/分类/状态/日期/账户/付款方式/标签)
- 发现问题: 2条 (D5无关键字搜索, D3搜索关键字未生效)

## 证据统计
- CategoryManage: 14文件 (7截图+7dump)
- MethodManage: 10文件 (5截图+5dump)
- TagManage: 5文件 (3截图+2dump, 02_add_form缺dump因对话框结构简单)
- TagSelect: 5文件 (3截图+2dump)
- SearchPage: 9文件 (5截图+4dump, 02_search_input缺dump因输入法遮挡)
- 总计: 43文件
- 待审计: 11条

## 关键发现
1. 标签功能整体不工作: TagManage和TagSelect中创建标签均未生效,标签数据无法持久化
2. 付款方式新建不生效: MethodManage中新建付款方式后列表未更新,但删除功能正常(过于正常,无确认)
3. 搜索关键字未传递: SearchPage中备注条件搜索的关键字未正确保存到查询条件,不同关键字返回相同结果

## 工具限制
- uitest text命令可成功输入但dumpLayout中TextInput的text属性不反映已输入值(ArkUI特性)
- 输入法弹出后对话框位置上移,需重新dumpLayout获取最新坐标